2026-03-11 08:56:43,131 - __main__ - INFO - ============================================================
2026-03-11 08:56:43,133 - __main__ - INFO - Iniciando MedinaBluetooth v2.0
2026-03-11 08:56:43,134 - __main__ - INFO - ============================================================
2026-03-11 08:56:43,137 - __main__ - INFO - Modo: Bluetooth Classic (SPP/RFCOMM)
2026-03-11 08:56:43,138 - src.bluetooth_manager - INFO - BluetoothManager inicializado
2026-03-11 08:56:43,138 - src.data_handler - INFO - DataHandler inicializado
2026-03-11 08:56:44,350 - src.ui.main_window - INFO - Ventana principal creada
2026-03-11 08:56:44,369 - __main__ - INFO - Aplicación inicializada correctamente
2026-03-11 08:56:44,369 - __main__ - INFO - ============================================================
2026-03-11 08:56:44,370 - __main__ - INFO - Iniciando interfaz gráfica
2026-03-11 08:56:48,905 - src.bluetooth_manager - INFO - Iniciando escaneo de dispositivos (duración: 8s)
2026-03-11 08:56:59,223 - src.bluetooth_manager - INFO - Escaneo completado. Dispositivos encontrados: 8
2026-03-11 08:57:10,088 - src.ui.main_window - INFO - Dispositivo seleccionado: Dispositivo desconocido - C0:7A:D6:71:C8:62
2026-03-11 08:57:11,193 - src.bluetooth_manager - INFO - Iniciando diagnóstico de Dispositivo desconocido (C0:7A:D6:71:C8:62)
2026-03-11 08:57:16,184 - __main__ - INFO - Cerrando aplicación...
2026-03-11 08:57:16,185 - __main__ - INFO - Aplicación cerrada
2026-03-11 09:01:46,182 - __main__ - INFO - ============================================================
2026-03-11 09:01:46,191 - __main__ - INFO - Iniciando MedinaBluetooth v2.0
2026-03-11 09:01:46,192 - __main__ - INFO - ============================================================
2026-03-11 09:01:46,194 - __main__ - INFO - Modo: Bluetooth Classic (SPP/RFCOMM)
2026-03-11 09:01:46,195 - src.bluetooth_manager - INFO - BluetoothManager inicializado
2026-03-11 09:01:46,197 - src.data_handler - INFO - DataHandler inicializado
2026-03-11 09:01:47,467 - src.ui.main_window - INFO - Ventana principal creada
2026-03-11 09:01:47,468 - __main__ - INFO - Aplicación inicializada correctamente
2026-03-11 09:01:47,468 - __main__ - INFO - ============================================================
2026-03-11 09:01:47,468 - __main__ - INFO - Iniciando interfaz gráfica
2026-03-11 09:02:00,498 - src.bluetooth_manager - INFO - Iniciando escaneo de dispositivos (duración: 8s)
2026-03-11 09:02:10,818 - src.bluetooth_manager - INFO - Escaneo completado. Dispositivos encontrados: 7
2026-03-11 09:02:19,933 - src.bluetooth_manager - INFO - Iniciando escaneo de dispositivos (duración: 8s)
2026-03-11 09:02:30,252 - src.bluetooth_manager - INFO - Escaneo completado. Dispositivos encontrados: 6
2026-03-11 09:02:38,076 - src.bluetooth_manager - INFO - Iniciando escaneo de dispositivos (duración: 8s)
2026-03-11 09:02:48,393 - src.bluetooth_manager - INFO - Escaneo completado. Dispositivos encontrados: 6
2026-03-11 09:03:01,752 - src.bluetooth_manager - INFO - Iniciando escaneo de dispositivos (duración: 8s)
2026-03-11 09:03:12,069 - src.bluetooth_manager - INFO - Escaneo completado. Dispositivos encontrados: 7
2026-03-11 09:03:19,365 - src.ui.main_window - INFO - Dispositivo seleccionado: Dispositivo desconocido - A8:98:92:E3:B0:16
2026-03-11 09:03:20,954 - src.bluetooth_manager - INFO - Iniciando diagnóstico de Dispositivo desconocido (A8:98:92:E3:B0:16)
2026-03-11 09:03:37,694 - src.bluetooth_manager - WARNING - No se encontraron servicios para A8:98:92:E3:B0:16
2026-03-11 09:03:47,315 - src.bluetooth_manager - INFO - Intentando conectar a A8:98:92:E3:B0:16 en puerto 1
2026-03-11 09:03:47,334 - src.bluetooth_manager - ERROR - Error inesperado al conectar: argument 2 (impossible<bad format char>)
2026-03-11 09:03:50,599 - src.bluetooth_manager - INFO - Intentando conectar a A8:98:92:E3:B0:16 en puerto 1
2026-03-11 09:03:50,600 - src.bluetooth_manager - ERROR - Error inesperado al conectar: argument 2 (impossible<bad format char>)
2026-03-11 09:03:53,301 - __main__ - INFO - Cerrando aplicación...
2026-03-11 09:03:53,302 - __main__ - INFO - Aplicación cerrada
2026-03-11 09:06:02,692 - __main__ - INFO - ============================================================
2026-03-11 09:06:02,693 - __main__ - INFO - Iniciando MedinaBluetooth v2.0
2026-03-11 09:06:02,694 - __main__ - INFO - ============================================================
2026-03-11 09:06:02,696 - __main__ - INFO - Modo: Bluetooth Classic (SPP/RFCOMM)
2026-03-11 09:06:02,697 - src.bluetooth_manager - INFO - BluetoothManager inicializado
2026-03-11 09:06:02,697 - src.data_handler - INFO - DataHandler inicializado
2026-03-11 09:06:03,878 - src.ui.main_window - INFO - Ventana principal creada
2026-03-11 09:06:03,879 - __main__ - INFO - Aplicación inicializada correctamente
2026-03-11 09:06:03,880 - __main__ - INFO - ============================================================
2026-03-11 09:06:03,880 - __main__ - INFO - Iniciando interfaz gráfica
2026-03-11 09:06:05,688 - __main__ - INFO - Cerrando aplicación...
2026-03-11 09:06:05,689 - __main__ - INFO - Aplicación cerrada
2026-03-11 09:08:32,656 - __main__ - INFO - ============================================================
2026-03-11 09:08:32,657 - __main__ - INFO - Iniciando MedinaBluetooth v2.0
2026-03-11 09:08:32,658 - __main__ - INFO - ============================================================
2026-03-11 09:08:32,662 - __main__ - INFO - Modo: Bluetooth Low Energy (BLE)
2026-03-11 09:08:32,663 - src.renpho_ble_manager - INFO - RenphoBLEManager inicializado
2026-03-11 09:08:32,666 - src.bluetooth_ble_adapter - INFO - Loop asyncio iniciado en thread separado
2026-03-11 09:08:32,675 - src.bluetooth_ble_adapter - INFO - Thread asyncio listo
2026-03-11 09:08:32,676 - src.bluetooth_ble_adapter - INFO - BluetoothBLEAdapter inicializado
2026-03-11 09:08:32,685 - src.data_handler - INFO - DataHandler inicializado
2026-03-11 09:08:33,852 - src.ui.main_window - INFO - Ventana principal creada
2026-03-11 09:08:33,853 - __main__ - INFO - Aplicación inicializada correctamente
2026-03-11 09:08:33,854 - __main__ - INFO - ============================================================
2026-03-11 09:08:33,854 - __main__ - INFO - Iniciando interfaz gráfica
2026-03-11 09:08:39,712 - src.bluetooth_ble_adapter - INFO - Escaneando dispositivos BLE (8s)...
2026-03-11 09:08:39,714 - src.renpho_ble_manager - INFO - Escaneando dispositivos BLE (8s)...
2026-03-11 09:08:47,865 - src.renpho_ble_manager - ERROR - Error durante escaneo BLE: 'BLEDevice' object has no attribute 'rssi'
2026-03-11 09:08:47,867 - src.bluetooth_ble_adapter - INFO - Escaneo completo: 0 dispositivo(s)
2026-03-11 09:09:56,869 - __main__ - INFO - Cerrando aplicación...
2026-03-11 09:09:56,870 - src.bluetooth_ble_adapter - INFO - Desconectando BLE...
2026-03-11 09:09:56,872 - src.bluetooth_ble_adapter - INFO - Desconectado exitosamente
2026-03-11 09:09:56,873 - __main__ - INFO - Limpiando recursos BLE...
2026-03-11 09:09:56,873 - src.bluetooth_ble_adapter - INFO - Limpiando recursos BLE...
2026-03-11 09:09:56,874 - src.bluetooth_ble_adapter - INFO - Loop asyncio cerrado
2026-03-11 09:09:56,876 - src.bluetooth_ble_adapter - INFO - Limpieza BLE completa
2026-03-11 09:09:56,876 - __main__ - INFO - Aplicación cerrada
2026-03-11 09:09:56,917 - src.bluetooth_ble_adapter - INFO - Limpiando recursos BLE...
2026-03-11 09:09:56,919 - src.bluetooth_ble_adapter - INFO - Limpieza BLE completa
2026-03-11 09:19:23,915 - __main__ - INFO - ============================================================
2026-03-11 09:19:23,916 - __main__ - INFO - Iniciando MedinaBluetooth v2.0
2026-03-11 09:19:23,917 - __main__ - INFO - ============================================================
2026-03-11 09:19:23,919 - __main__ - INFO - Modo: Bluetooth Low Energy (BLE)
2026-03-11 09:19:23,920 - src.renpho_ble_manager - INFO - RenphoBLEManager inicializado
2026-03-11 09:19:23,923 - src.bluetooth_ble_adapter - INFO - Loop asyncio iniciado en thread separado
